>>> say_my_name = __import__('3-say_my_name').say_my_name
>>> say_my_name("hi", "hello")
My name is hi hello
>>> say_my_name("hi", "")
My name is hi 
>>> say_my_name("hi", 2)
Traceback (most recent call last):
  File "<stdin>", line 1, in <module>
  File "/home/samuel/alx-higher_level_programming/0x07-python-test_driven_development/3-say_my_name.py", line 20, in say_my_name
    raise TypeError("last_name must be a string")
TypeError: last_name must be a string
>>> say_my_name(1, "ee")
Traceback (most recent call last):
  File "<stdin>", line 1, in <module>
  File "/home/samuel/alx-higher_level_programming/0x07-python-test_driven_development/3-say_my_name.py", line 18, in say_my_name
    raise TypeError("first_name must be a string")
TypeError: first_name must be a string
>>> say_my_name(1, 2)
Traceback (most recent call last):
  File "<stdin>", line 1, in <module>
  File "/home/samuel/alx-higher_level_programming/0x07-python-test_driven_development/3-say_my_name.py", line 18, in say_my_name
    raise TypeError("first_name must be a string")
TypeError: first_name must be a string

